// Jest Snapshot v1, https://goo.gl/fbAQLP

exports[`Tests for <MultipleCustomHooks /> Should display <MultipleCustomHooks /> correctly 1`] = `
<div>
  <h1>
    Breaking Bad Quotes
  </h1>
  <hr />
  <div
    className="alert alert-info text-center"
  >
    Loading...
  </div>
  <button
    className="btn btn-primary"
    onClick={[Function]}
  >
    Next couter
  </button>
</div>
`;
