// Jest Snapshot v1, https://goo.gl/fbAQLP

exports[`Tests in <RefRealExample /> Should display <RefRealExample /> correctly 1`] = `
<div>
  <h1>
    RefRealExample
  </h1>
  <hr />
  <button
    className="btn btn-primary mt-3"
    onClick={[Function]}
  >
    Show/Hide
  </button>
</div>
`;
