// Jest Snapshot v1, https://goo.gl/fbAQLP

exports[`Tests for <HooksApp /> Should display <HooksApp /> correctly 1`] = `
<div>
  <h1>
    HooksApp
  </h1>
</div>
`;
